// Jest Snapshot v1, https://goo.gl/fbAQLP

exports[`<Login /> Renderiza corretamente 1`] = `
<View
  style={
    {
      "alignItems": "center",
      "flex": 1,
      "justifyContent": "center",
    }
  }
>
  <Image
    source={1}
    style={
      {
        "height": 300,
        "marginTop": -10,
        "width": 300,
      }
    }
  />
  <View>
    <Text
      style={
        {
          "color": "#1c5560",
          "fontSize": 13,
          "textAlign": "left",
        }
      }
    >
      Email
    </Text>
    <TextInput
      autoComplete="email"
      cursorColor="#001f36"
      keyboardType="email-address"
      onChangeText={[Function]}
      placeholder="Email"
      style={
        {
          "borderColor": "#e0e0e0",
          "borderRadius": 10,
          "borderWidth": 2,
          "fontSize": 15,
          "height": 50,
          "marginBottom": 20,
          "padding": 10,
          "width": 290,
        }
      }
      value=""
    />
    <Text
      style={
        {
          "color": "#1c5560",
          "fontSize": 13,
          "textAlign": "left",
        }
      }
    >
      Senha
    </Text>
    <TextInput
      autoComplete="off"
      autoCorrect={false}
      cursorColor="#001f36"
      keyboardType="default"
      onChangeText={[Function]}
      placeholder="Senha"
      secureTextEntry={true}
      style={
        {
          "borderColor": "#e0e0e0",
          "borderRadius": 10,
          "borderWidth": 2,
          "fontSize": 15,
          "height": 50,
          "marginBottom": 20,
          "padding": 10,
          "width": 290,
        }
      }
      value=""
    />
    <View
      accessibilityState={
        {
          "busy": undefined,
          "checked": undefined,
          "disabled": undefined,
          "expanded": undefined,
          "selected": undefined,
        }
      }
      accessibilityValue={
        {
          "max": undefined,
          "min": undefined,
          "now": undefined,
          "text": undefined,
        }
      }
      accessible={true}
      collapsable={false}
      focusable={true}
      onBlur={[Function]}
      onClick={[Function]}
      onFocus={[Function]}
      onResponderGrant={[Function]}
      onResponderMove={[Function]}
      onResponderRelease={[Function]}
      onResponderTerminate={[Function]}
      onResponderTerminationRequest={[Function]}
      onStartShouldSetResponder={[Function]}
      style={
        {
          "alignItems": "center",
          "backgroundColor": "#001f36",
          "borderRadius": 10,
          "justifyContent": "center",
          "marginTop": 20,
          "paddingHorizontal": 120,
          "paddingVertical": 10,
        }
      }
    >
      <Text
        style={
          {
            "color": "#ffffff",
            "fontSize": 18,
            "fontWeight": "bold",
          }
        }
      >
        Entrar
      </Text>
    </View>
    <View
      accessibilityState={
        {
          "busy": undefined,
          "checked": undefined,
          "disabled": undefined,
          "expanded": undefined,
          "selected": undefined,
        }
      }
      accessibilityValue={
        {
          "max": undefined,
          "min": undefined,
          "now": undefined,
          "text": undefined,
        }
      }
      accessible={true}
      collapsable={false}
      focusable={true}
      onBlur={[Function]}
      onClick={[Function]}
      onFocus={[Function]}
      onResponderGrant={[Function]}
      onResponderMove={[Function]}
      onResponderRelease={[Function]}
      onResponderTerminate={[Function]}
      onResponderTerminationRequest={[Function]}
      onStartShouldSetResponder={[Function]}
      style={
        {
          "alignItems": "center",
          "marginVertical": 10,
          "maxWidth": 120,
        }
      }
    >
      <Text
        style={
          {
            "color": "#1C5560",
            "fontSize": 15,
            "marginTop": 0,
            "maxWidth": 120,
            "textDecorationColor": "#1C5560",
            "textDecorationLine": "underline",
          }
        }
      >
        Esqueceu a senha?
      </Text>
    </View>
    <View
      accessibilityState={
        {
          "busy": undefined,
          "checked": undefined,
          "disabled": undefined,
          "expanded": undefined,
          "selected": undefined,
        }
      }
      accessibilityValue={
        {
          "max": undefined,
          "min": undefined,
          "now": undefined,
          "text": undefined,
        }
      }
      accessible={true}
      collapsable={false}
      focusable={true}
      onBlur={[Function]}
      onClick={[Function]}
      onFocus={[Function]}
      onResponderGrant={[Function]}
      onResponderMove={[Function]}
      onResponderRelease={[Function]}
      onResponderTerminate={[Function]}
      onResponderTerminationRequest={[Function]}
      onStartShouldSetResponder={[Function]}
    >
      <Text
        style={
          [
            {
              "color": "#1C5560",
              "fontSize": 15,
              "marginTop": 0,
              "maxWidth": 120,
              "textDecorationColor": "#1C5560",
              "textDecorationLine": "underline",
            },
            {
              "color": "#000000",
              "fontWeight": "bold",
              "textAlign": "center",
            },
          ]
        }
      >
        Cadastre-se
      </Text>
    </View>
  </View>
</View>
`;
